2026-08-06 11:24:06.100566,0.0,0.0,0.0,0.0,0.0,0.0,0.0,0.0,ebpf,20.867818149999998
2026-08-06 11:24:12.100566,226013.0,16536829001.0,26047116746.0,17046676686.0,139675.0,1447.0,99342.0,1471.0,ebpf,20.882463920000003
2026-08-06 11:24:18.100566,309960.0,16572723595.0,26041365250.0,17097222506.0,139307.0,1442.0,99202.0,1469.0,ebpf,21.07892521
2026-08-06 11:24:24.100566,216368.0,16627700738.0,26026500737.0,17198295218.0,137249.0,1422.0,90688.0,1340.0,ebpf,20.947008399999998
2026-08-06 11:24:30.100566,180172.0,16643403311.0,26031086044.0,17178976854.0,140054.0,1445.0,99228.0,1470.0,ebpf,20.95289102
2026-08-06 11:24:12.100566,226013.0,16536829001.0,26047116746.0,17046676686.0,139675.0,1447.0,99342.0,1471.0,ebpf,20.882463920000003
2026-08-06 11:24:18.100566,309960.0,16572723595.0,26041365250.0,17097222506.0,139307.0,1442.0,99202.0,1469.0,ebpf,21.07892521
2026-08-06 11:24:24.100566,216368.0,16627700738.0,26026500737.0,17198295218.0,137249.0,1422.0,90688.0,1340.0,ebpf,20.947008399999998
2026-08-06 11:24:30.100566,180172.0,16643403311.0,26031086044.0,17178976854.0,140054.0,1445.0,99228.0,1470.0,ebpf,20.95289102
2026-08-06 11:24:36.100566,179101.0,16635750589.0,26021945340.0,17187568346.0,140185.0,1450.0,99638.0,1475.0,ebpf,24.81044983
2026-08-06 11:24:18.100566,309960.0,16572723595.0,26041365250.0,17097222506.0,139307.0,1442.0,99202.0,1469.0,ebpf,21.07892521
2026-08-06 11:24:24.100566,216368.0,16627700738.0,26026500737.0,17198295218.0,137249.0,1422.0,90688.0,1340.0,ebpf,20.947008399999998
2026-08-06 11:24:30.100566,180172.0,16643403311.0,26031086044.0,17178976854.0,140054.0,1445.0,99228.0,1470.0,ebpf,20.95289102
2026-08-06 11:24:36.100566,179101.0,16635750589.0,26021945340.0,17187568346.0,140185.0,1450.0,99638.0,1475.0,ebpf,24.81044983
2026-08-06 11:24:42.100566,162543.0,16618336425.0,26032347050.0,17139316350.0,140039.0,1446.0,98814.0,1463.0,ebpf,22.30720108
2026-08-06 11:24:24.100566,216368.0,16627700738.0,26026500737.0,17198295218.0,137249.0,1422.0,90688.0,1340.0,ebpf,20.947008399999998
2026-08-06 11:24:30.100566,180172.0,16643403311.0,26031086044.0,17178976854.0,140054.0,1445.0,99228.0,1470.0,ebpf,20.95289102
2026-08-06 11:24:36.100566,179101.0,16635750589.0,26021945340.0,17187568346.0,140185.0,1450.0,99638.0,1475.0,ebpf,24.81044983
2026-08-06 11:24:42.100566,162543.0,16618336425.0,26032347050.0,17139316350.0,140039.0,1446.0,98814.0,1463.0,ebpf,22.30720108
2026-08-06 11:24:48.100566,165118.0,16630312972.0,26036517054.0,17183883834.0,139125.0,1437.0,99474.0,1473.0,ebpf,23.6197486
2026-08-06 11:24:30.100566,180172.0,16643403311.0,26031086044.0,17178976854.0,140054.0,1445.0,99228.0,1470.0,ebpf,20.95289102
2026-08-06 11:24:36.100566,179101.0,16635750589.0,26021945340.0,17187568346.0,140185.0,1450.0,99638.0,1475.0,ebpf,24.81044983
2026-08-06 11:24:42.100566,162543.0,16618336425.0,26032347050.0,17139316350.0,140039.0,1446.0,98814.0,1463.0,ebpf,22.30720108
2026-08-06 11:24:48.100566,165118.0,16630312972.0,26036517054.0,17183883834.0,139125.0,1437.0,99474.0,1473.0,ebpf,23.6197486
2026-08-06 11:24:54.100566,166982.0,16570512986.0,26046377603.0,17053959104.0,141418.0,1459.0,101264.0,1500.0,ebpf,22.711661919999997
2026-08-06 11:24:36.100566,179101.0,16635750589.0,26021945340.0,17187568346.0,140185.0,1450.0,99638.0,1475.0,ebpf,24.81044983
2026-08-06 11:24:42.100566,162543.0,16618336425.0,26032347050.0,17139316350.0,140039.0,1446.0,98814.0,1463.0,ebpf,22.30720108
2026-08-06 11:24:48.100566,165118.0,16630312972.0,26036517054.0,17183883834.0,139125.0,1437.0,99474.0,1473.0,ebpf,23.6197486
2026-08-06 11:24:54.100566,166982.0,16570512986.0,26046377603.0,17053959104.0,141418.0,1459.0,101264.0,1500.0,ebpf,22.711661919999997
2026-08-06 11:25:00.100566,157011.0,16544473804.0,26056141214.0,17039145292.0,139833.0,1443.0,100348.0,1486.0,ebpf,22.08856007
2026-08-06 11:24:42.100566,162543.0,16618336425.0,26032347050.0,17139316350.0,140039.0,1446.0,98814.0,1463.0,ebpf,22.30720108
2026-08-06 11:24:48.100566,165118.0,16630312972.0,26036517054.0,17183883834.0,139125.0,1437.0,99474.0,1473.0,ebpf,23.6197486
2026-08-06 11:24:54.100566,166982.0,16570512986.0,26046377603.0,17053959104.0,141418.0,1459.0,101264.0,1500.0,ebpf,22.711661919999997
2026-08-06 11:25:00.100566,157011.0,16544473804.0,26056141214.0,17039145292.0,139833.0,1443.0,100348.0,1486.0,ebpf,22.08856007
2026-08-06 11:25:06.100566,165315.0,16565473147.0,26056354332.0,17072567044.0,137754.0,1428.0,99696.0,1476.0,ebpf,21.21879032
2026-08-06 11:24:48.100566,165118.0,16630312972.0,26036517054.0,17183883834.0,139125.0,1437.0,99474.0,1473.0,ebpf,23.6197486
2026-08-06 11:24:54.100566,166982.0,16570512986.0,26046377603.0,17053959104.0,141418.0,1459.0,101264.0,1500.0,ebpf,22.711661919999997
2026-08-06 11:25:00.100566,157011.0,16544473804.0,26056141214.0,17039145292.0,139833.0,1443.0,100348.0,1486.0,ebpf,22.08856007
2026-08-06 11:25:06.100566,165315.0,16565473147.0,26056354332.0,17072567044.0,137754.0,1428.0,99696.0,1476.0,ebpf,21.21879032
2026-08-06 11:25:12.100566,419976.0,33307389750.0,52114947832.0,34401767842.0,284979.0,2945.0,201272.0,2980.0,ebpf,20.95170734
2026-08-06 11:24:54.100566,166982.0,16570512986.0,26046377603.0,17053959104.0,141418.0,1459.0,101264.0,1500.0,ebpf,22.711661919999997
2026-08-06 11:25:00.100566,157011.0,16544473804.0,26056141214.0,17039145292.0,139833.0,1443.0,100348.0,1486.0,ebpf,22.08856007
2026-08-06 11:25:06.100566,165315.0,16565473147.0,26056354332.0,17072567044.0,137754.0,1428.0,99696.0,1476.0,ebpf,21.21879032
2026-08-06 11:25:12.100566,419976.0,33307389750.0,52114947832.0,34401767842.0,284979.0,2945.0,201272.0,2980.0,ebpf,20.95170734
2026-08-06 11:25:18.100566,184400.0,16621001513.0,26026569071.0,17167679048.0,141592.0,1466.0,100702.0,1491.0,ebpf,21.233592379999997
2026-08-06 11:25:00.100566,157011.0,16544473804.0,26056141214.0,17039145292.0,139833.0,1443.0,100348.0,1486.0,ebpf,22.08856007
2026-08-06 11:25:06.100566,165315.0,16565473147.0,26056354332.0,17072567044.0,137754.0,1428.0,99696.0,1476.0,ebpf,21.21879032
2026-08-06 11:25:12.100566,419976.0,33307389750.0,52114947832.0,34401767842.0,284979.0,2945.0,201272.0,2980.0,ebpf,20.95170734
2026-08-06 11:25:18.100566,184400.0,16621001513.0,26026569071.0,17167679048.0,141592.0,1466.0,100702.0,1491.0,ebpf,21.233592379999997
2026-08-06 11:25:24.100566,203903.0,16699641435.0,26043059240.0,17309238414.0,143320.0,1483.0,101288.0,1500.0,ebpf,23.928841799999997
2026-08-06 11:25:06.100566,165315.0,16565473147.0,26056354332.0,17072567044.0,137754.0,1428.0,99696.0,1476.0,ebpf,21.21879032
2026-08-06 11:25:12.100566,419976.0,33307389750.0,52114947832.0,34401767842.0,284979.0,2945.0,201272.0,2980.0,ebpf,20.95170734
2026-08-06 11:25:18.100566,184400.0,16621001513.0,26026569071.0,17167679048.0,141592.0,1466.0,100702.0,1491.0,ebpf,21.233592379999997
2026-08-06 11:25:24.100566,203903.0,16699641435.0,26043059240.0,17309238414.0,143320.0,1483.0,101288.0,1500.0,ebpf,23.928841799999997
2026-08-06 11:25:30.100566,202172.0,16697368819.0,26045309221.0,17293589794.0,144413.0,1494.0,101528.0,1504.0,ebpf,20.9307038
2026-08-06 11:25:12.100566,419976.0,33307389750.0,52114947832.0,34401767842.0,284979.0,2945.0,201272.0,2980.0,ebpf,20.95170734
2026-08-06 11:25:18.100566,184400.0,16621001513.0,26026569071.0,17167679048.0,141592.0,1466.0,100702.0,1491.0,ebpf,21.233592379999997
2026-08-06 11:25:24.100566,203903.0,16699641435.0,26043059240.0,17309238414.0,143320.0,1483.0,101288.0,1500.0,ebpf,23.928841799999997
2026-08-06 11:25:30.100566,202172.0,16697368819.0,26045309221.0,17293589794.0,144413.0,1494.0,101528.0,1504.0,ebpf,20.9307038
2026-08-06 11:25:36.100566,345086.0,16858038916.0,26242852983.0,17476969952.0,142908.0,1479.0,101190.0,1499.0,ebpf,21.03698956
2026-08-06 11:25:18.100566,184400.0,16621001513.0,26026569071.0,17167679048.0,141592.0,1466.0,100702.0,1491.0,ebpf,21.233592379999997
2026-08-06 11:25:24.100566,203903.0,16699641435.0,26043059240.0,17309238414.0,143320.0,1483.0,101288.0,1500.0,ebpf,23.928841799999997
2026-08-06 11:25:30.100566,202172.0,16697368819.0,26045309221.0,17293589794.0,144413.0,1494.0,101528.0,1504.0,ebpf,20.9307038
2026-08-06 11:25:36.100566,345086.0,16858038916.0,26242852983.0,17476969952.0,142908.0,1479.0,101190.0,1499.0,ebpf,21.03698956
2026-08-06 11:25:42.100566,202687.0,16697755129.0,26037859956.0,17296683898.0,141389.0,1463.0,100324.0,1486.0,ebpf,21.065818639999996
2026-08-06 11:25:24.100566,203903.0,16699641435.0,26043059240.0,17309238414.0,143320.0,1483.0,101288.0,1500.0,ebpf,23.928841799999997
2026-08-06 11:25:30.100566,202172.0,16697368819.0,26045309221.0,17293589794.0,144413.0,1494.0,101528.0,1504.0,ebpf,20.9307038
2026-08-06 11:25:36.100566,345086.0,16858038916.0,26242852983.0,17476969952.0,142908.0,1479.0,101190.0,1499.0,ebpf,21.03698956
2026-08-06 11:25:42.100566,202687.0,16697755129.0,26037859956.0,17296683898.0,141389.0,1463.0,100324.0,1486.0,ebpf,21.065818639999996
2026-08-06 11:25:48.100566,246090.0,16726401680.0,26074868949.0,17295604846.0,142889.0,1479.0,99730.0,1477.0,ebpf,21.08894865
2026-08-06 11:25:30.100566,202172.0,16697368819.0,26045309221.0,17293589794.0,144413.0,1494.0,101528.0,1504.0,ebpf,20.9307038
2026-08-06 11:25:36.100566,345086.0,16858038916.0,26242852983.0,17476969952.0,142908.0,1479.0,101190.0,1499.0,ebpf,21.03698956
2026-08-06 11:25:42.100566,202687.0,16697755129.0,26037859956.0,17296683898.0,141389.0,1463.0,100324.0,1486.0,ebpf,21.065818639999996
2026-08-06 11:25:48.100566,246090.0,16726401680.0,26074868949.0,17295604846.0,142889.0,1479.0,99730.0,1477.0,ebpf,21.08894865
2026-08-06 11:25:54.100566,219166.0,16670144667.0,26044321562.0,17239884558.0,142964.0,1479.0,101008.0,1496.0,ebpf,21.66473658
